// Jest Snapshot v1, https://goo.gl/fbAQLP

exports[`With Snapshot Testing App shows "Flag Identifier!" 1`] = `
<div>
  <h1>
    Flag Identifier
  </h1>
  <div>
    <h3>
      Color:
    </h3>
    <div
      className="colorFilters"
    >
      <a
        href="/?colors=red"
        onClick={[Function]}
      >
        red
      </a>
      <a
        href="/?colors=green"
        onClick={[Function]}
      >
        green
      </a>
      <a
        href="/?colors=blue"
        onClick={[Function]}
      >
        blue
      </a>
      <a
        href="/?colors=orange"
        onClick={[Function]}
      >
        orange
      </a>
      <a
        href="/?colors=purple"
        onClick={[Function]}
      >
        purple
      </a>
      <a
        href="/?colors=yellow"
        onClick={[Function]}
      >
        yellow
      </a>
      <a
        href="/?colors=white"
        onClick={[Function]}
      >
        white
      </a>
      <a
        href="/?colors=black"
        onClick={[Function]}
      >
        black
      </a>
    </div>
  </div>
  <div>
    <img
      src="https://www.countryflags.io/AM/flat/64.png"
    />
    <img
      src="https://www.countryflags.io/AL/flat/64.png"
    />
    <img
      src="https://www.countryflags.io/BE/flat/64.png"
    />
    <img
      src="https://www.countryflags.io/BT/flat/64.png"
    />
  </div>
</div>
`;
